../Core/Src/main.c:68:6:delay_us	16	static
../Core/Src/main.c:75:6:Display_Temp	40	static
../Core/Src/main.c:84:6:Display_Rh	40	static
../Core/Src/main.c:92:6:Set_Pin_Output	40	static
../Core/Src/main.c:99:6:Set_Pin_Input	40	static
../Core/Src/main.c:106:6:DHT11_Init	8	static
../Core/Src/main.c:114:9:DHT11_CheckRespone	16	static
../Core/Src/main.c:131:9:DHT11_ReadData	16	static
../Core/Src/main.c:160:5:main	8	static
../Core/Src/main.c:228:6:SystemClock_Config	88	static
../Core/Src/main.c:274:13:MX_I2C2_Init	8	static
../Core/Src/main.c:308:13:MX_TIM10_Init	8	static
../Core/Src/main.c:339:13:MX_GPIO_Init	40	static
../Core/Src/main.c:372:6:Error_Handler	4	static,ignoring_inline_asm
